EN cache_sram NULL /home/student2/rmsaad/COE758/Project1/Cache_SRAM.vhdl sub00/vhpl18 1571156714
EN mux2to1 NULL /home/student2/rmsaad/COE758/Project1/mux2to1.vhdl sub00/vhpl22 1571156718
AR resetblock behavioral /home/student1/scgoddar/Documents/COE758/Tutorial4a/resetBlock.vhdl sub00/vhpl11 1569347698
AR ila ila_a /home/student2/rmsaad/COE758/Projectv4/ipcore_dir/ila.vhd sub00/vhpl05 1572622672
EN cachecontroller NULL /home/student2/rmsaad/COE758/Projectv4/CacheController.vhdl sub00/vhpl26 1572622675
AR icon icon_a /home/student2/rmsaad/COE758/Projectv4/ipcore_dir/icon.vhd sub00/vhpl03 1572622670
AR mux2to1 behavioral /home/student2/rmsaad/COE758/Project1/mux2to1.vhdl sub00/vhpl23 1571156719
EN sdramcontroller NULL /home/student2/rmsaad/COE758/Projectv4/SDRAMController.vhdl sub00/vhpl28 1572622665
EN icon NULL /home/student2/rmsaad/COE758/Projectv4/ipcore_dir/icon.vhd sub00/vhpl02 1572622669
EN topleveltest NULL /home/student2/rmsaad/COE758/Project1/topLevelTest.vhdl sub00/vhpl12 1571156728
EN cpu_gen NULL /home/student2/rmsaad/COE758/Projectv4/CPU_gen.vhdl sub00/vhpl14 1572622663
EN bram NULL /home/student1/scgoddar/Documents/COE758/Tutorial1/ipcore_dir/bram.vhd sub00/vhpl08 1568741570
AR tutorial1 behavioral /home/student1/scgoddar/Documents/COE758/Tutorial1/Tutorial1.vhd sub00/vhpl01 1568741573
EN sram NULL /home/student2/rmsaad/COE758/Projectv4/ipcore_dir/SRAM.vhd sub00/vhpl30 1572622667
AR cache_cont behavioral /home/student2/rmsaad/COE758/Project1/Cache_Cont.vhdl sub00/vhpl21 1571156717
EN sdram_cont NULL /home/student2/rmsaad/COE758/Project1/SDRAM_Cont.vhdl sub00/vhpl16 1571156712
AR cache_sram behavioral /home/student2/rmsaad/COE758/Project1/Cache_SRAM.vhdl sub00/vhpl19 1571156715
EN mux1to2 NULL /home/student2/rmsaad/COE758/Project1/mux1to2.vhdl sub00/vhpl24 1571156720
AR mux1to2 behavioral /home/student2/rmsaad/COE758/Project1/mux1to2.vhdl sub00/vhpl25 1571156721
AR sram sram_a /home/student2/rmsaad/COE758/Projectv4/ipcore_dir/SRAM.vhd sub00/vhpl31 1572622668
AR cachecontroller behavioral /home/student2/rmsaad/COE758/Projectv4/CacheController.vhdl sub00/vhpl27 1572622676
AR cpu_gen behavioral /home/student2/rmsaad/COE758/Projectv4/CPU_gen.vhdl sub00/vhpl15 1572622664
AR bram bram_a /home/student1/scgoddar/Documents/COE758/Tutorial1/ipcore_dir/bram.vhd sub00/vhpl09 1568741571
EN vio NULL /home/student2/rmsaad/COE758/Projectv4/ipcore_dir/vio.vhd sub00/vhpl06 1572622673
AR sdramcontroller behavioral /home/student2/rmsaad/COE758/Projectv4/SDRAMController.vhdl sub00/vhpl29 1572622666
EN cache_cont NULL /home/student2/rmsaad/COE758/Project1/Cache_Cont.vhdl sub00/vhpl20 1571156716
EN resetblock NULL /home/student1/scgoddar/Documents/COE758/Tutorial4a/resetBlock.vhdl sub00/vhpl10 1569347697
AR topleveltest behavioral /home/student2/rmsaad/COE758/Project1/topLevelTest.vhdl sub00/vhpl13 1571156729
AR vio vio_a /home/student2/rmsaad/COE758/Projectv4/ipcore_dir/vio.vhd sub00/vhpl07 1572622674
AR sdram_cont behavioral /home/student2/rmsaad/COE758/Project1/SDRAM_Cont.vhdl sub00/vhpl17 1571156713
EN tutorial1 NULL /home/student1/scgoddar/Documents/COE758/Tutorial1/Tutorial1.vhd sub00/vhpl00 1568741572
EN ila NULL /home/student2/rmsaad/COE758/Projectv4/ipcore_dir/ila.vhd sub00/vhpl04 1572622671
