V3 95
FL /home/student1/scgoddar/Documents/COE758/Projectv2/CacheController.vhdl 2019/10/28.18:52:24 O.87xd
FL /home/student1/scgoddar/Documents/COE758/Projectv2/CPU_gen.vhdl 2019/10/28.17:40:52 O.87xd
FL /home/student1/scgoddar/Documents/COE758/Projectv2/ipcore_dir/icon.vhd 2019/10/26.00:11:52 O.87xd
FL /home/student1/scgoddar/Documents/COE758/Projectv2/ipcore_dir/ila.vhd 2019/10/26.00:11:52 O.87xd
FL /home/student1/scgoddar/Documents/COE758/Projectv2/ipcore_dir/SRAM.vhd 2019/10/26.00:11:52 O.87xd
FL /home/student1/scgoddar/Documents/COE758/Projectv2/ipcore_dir/vio.vhd 2019/10/26.00:11:52 O.87xd
FL /home/student1/scgoddar/Documents/COE758/Projectv2/SDRAMController.vhdl 2019/10/28.19:09:37 O.87xd
FL /home/student1/scgoddar/Documents/COE758/Projectv4/CacheController.vhdl 2019/10/29.09:55:08 O.87xd
FL /home/student1/scgoddar/Documents/COE758/Projectv4/CPU_gen.vhdl 2019/10/28.17:40:52 O.87xd
FL /home/student1/scgoddar/Documents/COE758/Projectv4/ipcore_dir/icon.vhd 2019/10/26.00:11:52 O.87xd
FL /home/student1/scgoddar/Documents/COE758/Projectv4/ipcore_dir/ila.vhd 2019/10/26.00:11:52 O.87xd
FL /home/student1/scgoddar/Documents/COE758/Projectv4/ipcore_dir/SRAM.vhd 2019/10/26.00:11:52 O.87xd
FL /home/student1/scgoddar/Documents/COE758/Projectv4/ipcore_dir/vio.vhd 2019/10/26.00:11:52 O.87xd
FL /home/student1/scgoddar/Documents/COE758/Projectv4/SDRAMController.vhdl 2019/10/29.09:52:36 O.87xd
FL /home/student1/scgoddar/Documents/COE758/Tutorial1/ipcore_dir/bram.vhd 2019/09/17.12:56:03 O.87xd
EN work/bram 1568741570 \
      FL /home/student1/scgoddar/Documents/COE758/Tutorial1/ipcore_dir/bram.vhd \
      PB ieee/std_logic_1164 1325952872
AR work/bram/bram_a 1568741571 \
      FL /home/student1/scgoddar/Documents/COE758/Tutorial1/ipcore_dir/bram.vhd \
      EN work/bram 1568741570
FL /home/student1/scgoddar/Documents/COE758/Tutorial1/ipcore_dir/icon.vhd 2019/09/17.12:45:01 O.87xd
FL /home/student1/scgoddar/Documents/COE758/Tutorial1/ipcore_dir/ila.vhd 2019/09/10.13:34:53 O.87xd
FL /home/student1/scgoddar/Documents/COE758/Tutorial1/ipcore_dir/vio.vhd 2019/09/17.13:11:40 O.87xd
FL /home/student1/scgoddar/Documents/COE758/Tutorial1/Tutorial1.vhd 2019/09/17.13:09:22 O.87xd
EN work/Tutorial1 1568741572 \
      FL /home/student1/scgoddar/Documents/COE758/Tutorial1/Tutorial1.vhd \
      PB ieee/std_logic_1164 1325952872 PB ieee/std_logic_arith 1325952873 \
      PB ieee/STD_LOGIC_UNSIGNED 1325952875
AR work/Tutorial1/Behavioral 1568741573 \
      FL /home/student1/scgoddar/Documents/COE758/Tutorial1/Tutorial1.vhd \
      EN work/Tutorial1 1568741572 CP icon CP ila CP vio CP bram
FL /home/student1/scgoddar/Documents/COE758/Tutorial4a/ipcore_dir/icon.vhd 2019/09/24.12:58:12 O.87xd
FL /home/student1/scgoddar/Documents/COE758/Tutorial4a/ipcore_dir/ila.vhd 2019/09/24.13:21:25 O.87xd
FL /home/student1/scgoddar/Documents/COE758/Tutorial4a/ipcore_dir/vio.vhd 2019/09/24.13:26:15 O.87xd
FL /home/student1/scgoddar/Documents/COE758/Tutorial4a/resetBlock.vhdl 2019/09/24.13:53:06 O.87xd
EN work/resetBlock 1569347697 \
      FL /home/student1/scgoddar/Documents/COE758/Tutorial4a/resetBlock.vhdl \
      PB ieee/std_logic_1164 1325952872 PB ieee/std_logic_arith 1325952873 \
      PB ieee/STD_LOGIC_UNSIGNED 1325952875
AR work/resetBlock/Behavioral 1569347698 \
      FL /home/student1/scgoddar/Documents/COE758/Tutorial4a/resetBlock.vhdl \
      EN work/resetBlock 1569347697
FL /home/student1/scgoddar/Documents/COE758/Tutorial4a/topLevelTest.vhdl 2019/09/24.13:24:17 O.87xd
FL /home/student2/rmsaad/COE758/Project1/CacheController.vhdl 2019/10/25.21:23:51 O.87xd
FL /home/student2/rmsaad/COE758/Project1/Cache_Cont.vhdl 2019/10/15.12:22:01 O.87xd
EN work/Cache_Cont 1571156716 \
      FL /home/student2/rmsaad/COE758/Project1/Cache_Cont.vhdl \
      PB ieee/std_logic_1164 1325952872
AR work/Cache_Cont/Behavioral 1571156717 \
      FL /home/student2/rmsaad/COE758/Project1/Cache_Cont.vhdl EN work/Cache_Cont 1571156716
FL /home/student2/rmsaad/COE758/Project1/Cache_SRAM.vhdl 2019/10/01.12:52:09 O.87xd
EN work/Cache_SRAM 1571156714 \
      FL /home/student2/rmsaad/COE758/Project1/Cache_SRAM.vhdl \
      PB ieee/std_logic_1164 1325952872
AR work/Cache_SRAM/Behavioral 1571156715 \
      FL /home/student2/rmsaad/COE758/Project1/Cache_SRAM.vhdl EN work/Cache_SRAM 1571156714
FL /home/student2/rmsaad/COE758/Project1/CPU_gen.vhdl 2019/10/25.18:17:07 O.87xd
FL /home/student2/rmsaad/COE758/Project1/ipcore_dir/icon.vhd 2019/10/25.20:26:06 O.87xd
FL /home/student2/rmsaad/COE758/Project1/ipcore_dir/ila.vhd 2019/10/24.09:33:40 O.87xd
FL /home/student2/rmsaad/COE758/Project1/ipcore_dir/SRAM.vhd 2019/10/24.09:21:12 O.87xd
FL /home/student2/rmsaad/COE758/Project1/ipcore_dir/vio.vhd 2019/10/25.20:29:35 O.87xd
FL /home/student2/rmsaad/COE758/Project1/mux1to2.vhdl 2019/10/01.13:20:39 O.87xd
EN work/mux1to2 1571156720 FL /home/student2/rmsaad/COE758/Project1/mux1to2.vhdl \
      PB ieee/std_logic_1164 1325952872
AR work/mux1to2/Behavioral 1571156721 \
      FL /home/student2/rmsaad/COE758/Project1/mux1to2.vhdl EN work/mux1to2 1571156720
FL /home/student2/rmsaad/COE758/Project1/mux2to1.vhdl 2019/10/01.12:55:27 O.87xd
EN work/mux2to1 1571156718 FL /home/student2/rmsaad/COE758/Project1/mux2to1.vhdl \
      PB ieee/std_logic_1164 1325952872
AR work/mux2to1/Behavioral 1571156719 \
      FL /home/student2/rmsaad/COE758/Project1/mux2to1.vhdl EN work/mux2to1 1571156718
FL /home/student2/rmsaad/COE758/Project1/SDRAMController.vhdl 2019/10/24.15:36:57 O.87xd
FL /home/student2/rmsaad/COE758/Project1/SDRAM_Cont.vhdl 2019/10/01.12:52:01 O.87xd
EN work/SDRAM_Cont 1571156712 \
      FL /home/student2/rmsaad/COE758/Project1/SDRAM_Cont.vhdl \
      PB ieee/std_logic_1164 1325952872
AR work/SDRAM_Cont/Behavioral 1571156713 \
      FL /home/student2/rmsaad/COE758/Project1/SDRAM_Cont.vhdl EN work/SDRAM_Cont 1571156712
FL /home/student2/rmsaad/COE758/Project1/topLevelTest.vhdl 2019/10/15.12:25:07 O.87xd
EN work/topLevelTest 1571156728 \
      FL /home/student2/rmsaad/COE758/Project1/topLevelTest.vhdl \
      PB ieee/std_logic_1164 1325952872
AR work/topLevelTest/Behavioral 1571156729 \
      FL /home/student2/rmsaad/COE758/Project1/topLevelTest.vhdl \
      EN work/topLevelTest 1571156728 CP CPU_gen CP SDRAM_Cont CP Cache_SRAM \
      CP Cache_Cont CP mux2to1 CP mux1to2 CP icon CP ila CP vio
FL /home/student2/rmsaad/COE758/Projectv4/CacheController.vhdl 2019/10/29.09:55:08 O.87xd
EN work/CacheController 1572622675 \
      FL /home/student2/rmsaad/COE758/Projectv4/CacheController.vhdl \
      PB ieee/std_logic_1164 1325952872 PB ieee/NUMERIC_STD 1325952877
AR work/CacheController/Behavioral 1572622676 \
      FL /home/student2/rmsaad/COE758/Projectv4/CacheController.vhdl \
      EN work/CacheController 1572622675 CP CPU_gen CP SDRAMController CP SRAM \
      CP icon CP ila CP vio
FL /home/student2/rmsaad/COE758/Projectv4/CPU_gen.vhdl 2019/10/29.10:05:00 O.87xd
EN work/CPU_gen 1572622663 FL /home/student2/rmsaad/COE758/Projectv4/CPU_gen.vhdl \
      PB ieee/std_logic_1164 1325952872 PB ieee/std_logic_arith 1325952873 \
      PB ieee/STD_LOGIC_UNSIGNED 1325952875
AR work/CPU_gen/Behavioral 1572622664 \
      FL /home/student2/rmsaad/COE758/Projectv4/CPU_gen.vhdl EN work/CPU_gen 1572622663
FL /home/student2/rmsaad/COE758/Projectv4/ipcore_dir/icon.vhd 2019/10/26.00:11:52 O.87xd
EN work/icon 1572622669 \
      FL /home/student2/rmsaad/COE758/Projectv4/ipcore_dir/icon.vhd \
      PB ieee/std_logic_1164 1325952872
AR work/icon/icon_a 1572622670 \
      FL /home/student2/rmsaad/COE758/Projectv4/ipcore_dir/icon.vhd EN work/icon 1572622669
FL /home/student2/rmsaad/COE758/Projectv4/ipcore_dir/ila.vhd 2019/10/26.00:11:52 O.87xd
EN work/ila 1572622671 \
      FL /home/student2/rmsaad/COE758/Projectv4/ipcore_dir/ila.vhd \
      PB ieee/std_logic_1164 1325952872
AR work/ila/ila_a 1572622672 \
      FL /home/student2/rmsaad/COE758/Projectv4/ipcore_dir/ila.vhd EN work/ila 1572622671
FL /home/student2/rmsaad/COE758/Projectv4/ipcore_dir/SRAM.vhd 2019/10/26.00:11:52 O.87xd
EN work/SRAM 1572622667 \
      FL /home/student2/rmsaad/COE758/Projectv4/ipcore_dir/SRAM.vhd \
      PB ieee/std_logic_1164 1325952872
AR work/SRAM/SRAM_a 1572622668 \
      FL /home/student2/rmsaad/COE758/Projectv4/ipcore_dir/SRAM.vhd EN work/SRAM 1572622667
FL /home/student2/rmsaad/COE758/Projectv4/ipcore_dir/vio.vhd 2019/10/26.00:11:52 O.87xd
EN work/vio 1572622673 \
      FL /home/student2/rmsaad/COE758/Projectv4/ipcore_dir/vio.vhd \
      PB ieee/std_logic_1164 1325952872
AR work/vio/vio_a 1572622674 \
      FL /home/student2/rmsaad/COE758/Projectv4/ipcore_dir/vio.vhd EN work/vio 1572622673
FL /home/student2/rmsaad/COE758/Projectv4/SDRAMController.vhdl 2019/10/29.09:55:44 O.87xd
EN work/SDRAMController 1572622665 \
      FL /home/student2/rmsaad/COE758/Projectv4/SDRAMController.vhdl \
      PB ieee/std_logic_1164 1325952872 PB ieee/NUMERIC_STD 1325952877
AR work/SDRAMController/Behavioral 1572622666 \
      FL /home/student2/rmsaad/COE758/Projectv4/SDRAMController.vhdl \
      EN work/SDRAMController 1572622665
FL D:/Downloads/Project1_v2/Project1_v2/CacheController.vhdl 2019/10/26.23:01:28 O.87xd
FL D:/Downloads/Project1_v2/Project1_v2/CPU_gen.vhdl 2019/10/26.00:11:47 O.87xd
FL D:/Downloads/Project1_v2/Project1_v2/ipcore_dir/icon.vhd 2019/10/26.00:11:50 O.87xd
FL D:/Downloads/Project1_v2/Project1_v2/ipcore_dir/ila.vhd 2019/10/26.00:11:50 O.87xd
FL D:/Downloads/Project1_v2/Project1_v2/ipcore_dir/SRAM.vhd 2019/10/26.00:11:51 O.87xd
FL D:/Downloads/Project1_v2/Project1_v2/ipcore_dir/vio.vhd 2019/10/26.00:11:51 O.87xd
FL D:/Downloads/Project1_v2/Project1_v2/SDRAMController.vhdl 2019/10/26.23:26:17 O.87xd
